[backblue.gif]
[fade.gif]
[index.html]
[xincomblog.com/html5-templates/autorepair/assets/icon/favicon.png]
[xincomblog.com/html5-templates/autorepair/assets/icon/apple-touch-icon-158-precomposed.png]
[xincomblog.com/html5-templates/autorepair/assets/img/logo.png]
[xincomblog.com/html5-templates/autorepair/assets/img/slider/slider-1.jpg]
[xincomblog.com/html5-templates/autorepair/assets/img/icon-1.png]
[xincomblog.com/html5-templates/autorepair/assets/img/icon-2.png]
[xincomblog.com/html5-templates/autorepair/assets/img/icon-3.png]
[xincomblog.com/html5-templates/autorepair/assets/img/icon-4.png]
[xincomblog.com/html5-templates/autorepair/assets/img/icon-5.png]
[xincomblog.com/html5-templates/autorepair/assets/img/icon-6.png]
[xincomblog.com/html5-templates/autorepair/assets/img/icon-7.png]
[xincomblog.com/html5-templates/autorepair/assets/img/galleries/g1.jpg]
[xincomblog.com/html5-templates/autorepair/assets/img/galleries/g2.jpg]
[xincomblog.com/html5-templates/autorepair/assets/img/galleries/g3.jpg]
[xincomblog.com/html5-templates/autorepair/assets/img/galleries/g4.jpg]
[xincomblog.com/html5-templates/autorepair/assets/img/services/s1.jpg]
[xincomblog.com/html5-templates/autorepair/assets/img/services/s2.jpg]
[xincomblog.com/html5-templates/autorepair/assets/img/services/s3.jpg]
[xincomblog.com/html5-templates/autorepair/assets/img/services/s4.jpg]
[xincomblog.com/html5-templates/autorepair/assets/img/news/1.jpg]
[xincomblog.com/html5-templates/autorepair/assets/img/news/2.jpg]
[xincomblog.com/html5-templates/autorepair/assets/img/partners/1.png]
[xincomblog.com/html5-templates/autorepair/assets/img/partners/2.png]
[xincomblog.com/html5-templates/autorepair/assets/img/partners/3.png]
[xincomblog.com/html5-templates/autorepair/assets/img/partners/4.png]
[xincomblog.com/html5-templates/autorepair/assets/img/partners/5.png]
[xincomblog.com/html5-templates/autorepair/assets/img/partners/6.png]
[xincomblog.com/html5-templates/autorepair/assets/img/clients/1.jpg]
[xincomblog.com/html5-templates/autorepair/assets/img/news/n-1.jpg]
[xincomblog.com/html5-templates/autorepair/assets/img/news/n-2.jpg]
[xincomblog.com/html5-templates/autorepair/assets/img/news/n-3.jpg]
[xincomblog.com/html5-templates/autorepair/assets/js/jquery.min.js]
[xincomblog.com/html5-templates/autorepair/assets/js/bootstrap.min.js]
[xincomblog.com/html5-templates/autorepair/assets/js/plugins.js]
[xincomblog.com/html5-templates/autorepair/assets/js/owl.carousel.min.js]
[xincomblog.com/html5-templates/autorepair/assets/js/cubeportfolio.js]
[xincomblog.com/html5-templates/autorepair/assets/js/shortcodes.js]
[xincomblog.com/html5-templates/autorepair/assets/js/main.js]
[xincomblog.com/html5-templates/autorepair/includes/rev-slider/js/jquery.themepunch.tools.min.js]
[xincomblog.com/html5-templates/autorepair/includes/rev-slider/js/jquery.themepunch.revolution.min.js]
[xincomblog.com/html5-templates/autorepair/assets/js/rev-slider.js]
[xincomblog.com/html5-templates/autorepair/includes/rev-slider/js/extensions/revolution.extension.actions.min.js]
[xincomblog.com/html5-templates/autorepair/includes/rev-slider/js/extensions/revolution.extension.carousel.min.js]
[xincomblog.com/html5-templates/autorepair/includes/rev-slider/js/extensions/revolution.extension.kenburn.min.js]
[xincomblog.com/html5-templates/autorepair/includes/rev-slider/js/extensions/revolution.extension.layeranimation.min.js]
[xincomblog.com/html5-templates/autorepair/includes/rev-slider/js/extensions/revolution.extension.migration.min.js]
[xincomblog.com/html5-templates/autorepair/includes/rev-slider/js/extensions/revolution.extension.navigation.min.js]
[xincomblog.com/html5-templates/autorepair/includes/rev-slider/js/extensions/revolution.extension.parallax.min.js]
[xincomblog.com/html5-templates/autorepair/includes/rev-slider/js/extensions/revolution.extension.slideanims.min.js]
[xincomblog.com/html5-templates/autorepair/includes/rev-slider/js/extensions/revolution.extension.video.min.js]
[xincomblog.com/html5-templates/autorepair/home.html]
[xincomblog.com/html5-templates/autorepair/style.css]
[xincomblog.com/html5-templates/autorepair/assets/img/team/team-1.jpg]
[xincomblog.com/html5-templates/autorepair/assets/img/team/team-2.jpg]
[xincomblog.com/html5-templates/autorepair/assets/img/team/team-3.jpg]
[xincomblog.com/html5-templates/autorepair/assets/js/countTo.js]
[xincomblog.com/html5-templates/autorepair/page-team.html]
[xincomblog.com/html5-templates/autorepair/assets/img/galleries/g5.jpg]
[xincomblog.com/html5-templates/autorepair/assets/img/galleries/g6.jpg]
[xincomblog.com/html5-templates/autorepair/assets/img/galleries/g7.jpg]
[xincomblog.com/html5-templates/autorepair/assets/img/galleries/g8.jpg]
[xincomblog.com/html5-templates/autorepair/page-work-galleries.html]
[xincomblog.com/html5-templates/autorepair/assets/img/galleries/gdt.jpg]
[xincomblog.com/html5-templates/autorepair/assets/img/galleries/gdt-2.jpg]
[xincomblog.com/html5-templates/autorepair/assets/img/galleries/gdt-3.jpg]
[xincomblog.com/html5-templates/autorepair/page-work-gallerie-detail.html]
[xincomblog.com/html5-templates/autorepair/3.html]
[xincomblog.com/html5-templates/autorepair/page-services.html]
[xincomblog.com/html5-templates/autorepair/assets/img/services/sdt-1.jpg]
[xincomblog.com/html5-templates/autorepair/assets/img/services/sdt-s-1.jpg]
[xincomblog.com/html5-templates/autorepair/assets/js/flexslider.js]
[xincomblog.com/html5-templates/autorepair/page-service-detail.html]
[xincomblog.com/html5-templates/autorepair/assets/img/blog/post-1.jpg]
[xincomblog.com/html5-templates/autorepair/assets/img/blog/post-2.jpg]
[xincomblog.com/html5-templates/autorepair/assets/img/blog/post-3.jpg]
[xincomblog.com/html5-templates/autorepair/assets/img/blog/post-4.jpg]
[xincomblog.com/html5-templates/autorepair/assets/img/blog/post-5.jpg]
[xincomblog.com/html5-templates/autorepair/page-blog.html]
[maps.google.com/mapfiles/marker_green.png]
[xincomblog.com/html5-templates/autorepair/assets/js/validate.js]
[xincomblog.com/html5-templates/autorepair/assets/js/gmap3.min.js]
[xincomblog.com/html5-templates/autorepair/page-contact.html]
[xincomblog.com/html5-templates/autorepair/assets/css/bootstrap.min.css]
[xincomblog.com/html5-templates/autorepair/assets/css/animate.css]
[xincomblog.com/html5-templates/autorepair/assets/css/animsition.css]
[xincomblog.com/html5-templates/autorepair/assets/css/magnific-popup.css]
[xincomblog.com/html5-templates/autorepair/assets/font/fontawesome-webfont3e6e.eot]
[xincomblog.com/html5-templates/autorepair/assets/font/fontawesome-webfontd41d.eot]
[xincomblog.com/html5-templates/autorepair/assets/font/fontawesome-webfont3e6e.woff2]
[xincomblog.com/html5-templates/autorepair/assets/font/fontawesome-webfont3e6e.woff]
[xincomblog.com/html5-templates/autorepair/assets/font/fontawesome-webfont3e6e.ttf]
[xincomblog.com/html5-templates/autorepair/assets/css/font-awesome.css]
[xincomblog.com/html5-templates/autorepair/assets/css/cubeportfolio.css]
[xincomblog.com/html5-templates/autorepair/assets/css/flexslider.css]
[xincomblog.com/html5-templates/autorepair/assets/css/owl.carousel.min.css]
[xincomblog.com/html5-templates/autorepair/includes/rev-slider/fonts/revicons/revicons90c690c6.eot]
[xincomblog.com/html5-templates/autorepair/includes/rev-slider/fonts/revicons/revicons90c690c6.woff]
[xincomblog.com/html5-templates/autorepair/includes/rev-slider/fonts/revicons/revicons90c690c6.ttf]
[xincomblog.com/html5-templates/autorepair/includes/rev-slider/css/openhand.123]
[xincomblog.com/html5-templates/autorepair/includes/rev-slider/css/closedhand.123]
[xincomblog.com/html5-templates/autorepair/includes/rev-slider/assets/gridtile.png]
[xincomblog.com/html5-templates/autorepair/includes/rev-slider/assets/gridtile_white.png]
[xincomblog.com/html5-templates/autorepair/includes/rev-slider/assets/gridtile_3x3.png]
[xincomblog.com/html5-templates/autorepair/includes/rev-slider/assets/gridtile_3x3_white.png]
[xincomblog.com/html5-templates/autorepair/includes/rev-slider/assets/coloredbg.png]
[xincomblog.com/html5-templates/autorepair/includes/rev-slider/assets/loader.gif]
[xincomblog.com/html5-templates/autorepair/includes/rev-slider/css/settings.css]
[xincomblog.com/html5-templates/autorepair/includes/rev-slider/css/layers.css]
[xincomblog.com/html5-templates/autorepair/includes/rev-slider/css/navigation.css]
[xincomblog.com/html5-templates/autorepair/assets/img/plus-icon.png]
[xincomblog.com/html5-templates/autorepair/assets/img/minus-icon.png]
[xincomblog.com/html5-templates/autorepair/assets/img/galleries-bg.jpg]
[xincomblog.com/html5-templates/autorepair/assets/css/shortcodes.css]
[xincomblog.com/html5-templates/autorepair/assets/img/blog/single-post-1.jpg]
[xincomblog.com/html5-templates/autorepair/assets/img/avatars/1.png]
[xincomblog.com/html5-templates/autorepair/assets/img/avatars/2.png]
[xincomblog.com/html5-templates/autorepair/assets/img/avatars/3.png]
[xincomblog.com/html5-templates/autorepair/page-blog-single.html]
[xincomblog.com/html5-templates/autorepair/assets/font/bootstrap/glyphicons-halflings-regular.html]
[xincomblog.com/html5-templates/autorepair/assets/font/bootstrap/glyphicons-halflings-regulard41d.html]
[xincomblog.com/html5-templates/autorepair/assets/font/bootstrap/glyphicons-halflings-regular-2.html]
[xincomblog.com/html5-templates/autorepair/assets/font/bootstrap/glyphicons-halflings-regular-3.html]
[xincomblog.com/html5-templates/autorepair/assets/font/bootstrap/glyphicons-halflings-regular-4.html]
[xincomblog.com/html5-templates/autorepair/assets/font/bootstrap/glyphicons-halflings-regular-5.html]
[xincomblog.com/html5-templates/autorepair/assets/font/fontawesome-webfont3e6e.svg]
[xincomblog.com/html5-templates/autorepair/assets/img/cbp-sprite.html]
[xincomblog.com/html5-templates/autorepair/assets/css/owl.video.play.html]
[xincomblog.com/html5-templates/autorepair/includes/rev-slider/fonts/revicons/revicons90c690c6.svg]
[xincomblog.com/html5-templates/autorepair/assets/img/pattern-overlay.html]
